[INFO] Scanning for projects...
[INFO] 
[INFO] ----------------------< com.bing:bing-framework >-----------------------
[INFO] Building bing-framework 0.0.1-SNAPSHOT
[INFO]   from pom.xml
[INFO] --------------------------------[ jar ]---------------------------------
[INFO] 
[INFO] --- jacoco:0.8.10:prepare-agent (prepare-agent) @ bing-framework ---
[INFO] argLine set to -javaagent:C:\\Users\\mydre\\.m2\\repository\\org\\jacoco\\org.jacoco.agent\\0.8.10\\org.jacoco.agent-0.8.10-runtime.jar=destfile=D:\\ai_code\\cursor\\bing-framework\\bing-framework\\target\\jacoco.exec
[INFO] 
[INFO] --- resources:3.2.0:resources (default-resources) @ bing-framework ---
[INFO] Using 'UTF-8' encoding to copy filtered resources.
[INFO] Using 'UTF-8' encoding to copy filtered properties files.
[INFO] Copying 5 resources
[INFO] Copying 28 resources
[INFO] 
[INFO] --- compiler:3.10.1:compile (default-compile) @ bing-framework ---
[INFO] Nothing to compile - all classes are up to date
[INFO] 
[INFO] --- resources:3.2.0:testResources (default-testResources) @ bing-framework ---
[INFO] Using 'UTF-8' encoding to copy filtered resources.
[INFO] Using 'UTF-8' encoding to copy filtered properties files.
[INFO] skip non existing resourceDirectory D:\ai_code\cursor\bing-framework\bing-framework\src\test\resources
[INFO] 
[INFO] --- compiler:3.10.1:testCompile (default-testCompile) @ bing-framework ---
[INFO] Nothing to compile - all classes are up to date
[INFO] 
[INFO] --- surefire:2.22.2:test (default-test) @ bing-framework ---
[INFO] 
[INFO] -------------------------------------------------------
[INFO]  T E S T S
[INFO] -------------------------------------------------------
[INFO] Running com.bing.framework.service.impl.DataDictItemServiceImplTest
13:59:08.222 [main] DEBUG org.springframework.test.context.BootstrapUtils - Instantiating CacheAwareContextLoaderDelegate from class [org.springframework.test.context.cache.DefaultCacheAwareContextLoaderDelegate]
13:59:08.278 [main] DEBUG org.springframework.test.context.BootstrapUtils - Instantiating BootstrapContext using constructor [public org.springframework.test.context.support.DefaultBootstrapContext(java.lang.Class,org.springframework.test.context.CacheAwareContextLoaderDelegate)]
13:59:08.445 [main] DEBUG org.springframework.test.context.BootstrapUtils - Instantiating TestContextBootstrapper for test class [com.bing.framework.service.impl.DataDictItemServiceImplTest] from class [org.springframework.boot.test.context.SpringBootTestContextBootstrapper]
13:59:08.478 [main] INFO org.springframework.boot.test.context.SpringBootTestContextBootstrapper - Neither @ContextConfiguration nor @ContextHierarchy found for test class [com.bing.framework.service.impl.DataDictItemServiceImplTest], using SpringBootContextLoader
13:59:08.490 [main] DEBUG org.springframework.test.context.support.AbstractContextLoader - Did not detect default resource location for test class [com.bing.framework.service.impl.DataDictItemServiceImplTest]: class path resource [com/bing/framework/service/impl/DataDictItemServiceImplTest-context.xml] does not exist
13:59:08.493 [main] DEBUG org.springframework.test.context.support.AbstractContextLoader - Did not detect default resource location for test class [com.bing.framework.service.impl.DataDictItemServiceImplTest]: class path resource [com/bing/framework/service/impl/DataDictItemServiceImplTestContext.groovy] does not exist
13:59:08.495 [main] INFO org.springframework.test.context.support.AbstractContextLoader - Could not detect default resource locations for test class [com.bing.framework.service.impl.DataDictItemServiceImplTest]: no resource found for suffixes {-context.xml, Context.groovy}.
13:59:08.498 [main] INFO org.springframework.test.context.support.AnnotationConfigContextLoaderUtils - Could not detect default configuration classes for test class [com.bing.framework.service.impl.DataDictItemServiceImplTest]: DataDictItemServiceImplTest does not declare any static, non-private, non-final, nested classes annotated with @Configuration.
13:59:08.632 [main] DEBUG org.springframework.test.context.support.ActiveProfilesUtils - Could not find an 'annotation declaring class' for annotation type [org.springframework.test.context.ActiveProfiles] and class [com.bing.framework.service.impl.DataDictItemServiceImplTest]
13:59:08.903 [main] DEBUG org.springframework.context.annotation.ClassPathScanningCandidateComponentProvider - Identified candidate component class: file [D:\ai_code\cursor\bing-framework\bing-framework\target\classes\com\bing\framework\BingFrameworkApplication.class]
13:59:08.905 [main] INFO org.springframework.boot.test.context.SpringBootTestContextBootstrapper - Found @SpringBootConfiguration com.bing.framework.BingFrameworkApplication for test class com.bing.framework.service.impl.DataDictItemServiceImplTest
13:59:09.174 [main] DEBUG org.springframework.boot.test.context.SpringBootTestContextBootstrapper - @TestExecutionListeners is not present for class [com.bing.framework.service.impl.DataDictItemServiceImplTest]: using defaults.
13:59:09.175 [main] INFO org.springframework.boot.test.context.SpringBootTestContextBootstrapper - Loaded default TestExecutionListener class names from location [META-INF/spring.factories]: [org.springframework.boot.test.mock.mockito.MockitoTestExecutionListener, org.springframework.boot.test.mock.mockito.ResetMocksTestExecutionListener, org.springframework.boot.test.autoconfigure.restdocs.RestDocsTestExecutionListener, org.springframework.boot.test.autoconfigure.web.client.MockRestServiceServerResetTestExecutionListener, org.springframework.boot.test.autoconfigure.web.servlet.MockMvcPrintOnlyOnFailureTestExecutionListener, org.springframework.boot.test.autoconfigure.web.servlet.WebDriverTestExecutionListener, org.springframework.boot.test.autoconfigure.webservices.client.MockWebServiceServerTestExecutionListener, org.springframework.test.context.web.ServletTestExecutionListener, org.springframework.test.context.support.DirtiesContextBeforeModesTestExecutionListener, org.springframework.test.context.event.ApplicationEventsTestExecutionListener, org.springframework.test.context.support.DependencyInjectionTestExecutionListener, org.springframework.test.context.support.DirtiesContextTestExecutionListener, org.springframework.test.context.transaction.TransactionalTestExecutionListener, org.springframework.test.context.jdbc.SqlScriptsTestExecutionListener, org.springframework.test.context.event.EventPublishingTestExecutionListener]
13:59:09.237 [main] INFO org.springframework.boot.test.context.SpringBootTestContextBootstrapper - Using TestExecutionListeners: [org.springframework.test.context.web.ServletTestExecutionListener@99223ac, org.springframework.test.context.support.DirtiesContextBeforeModesTestExecutionListener@4a5fab78, org.springframework.test.context.event.ApplicationEventsTestExecutionListener@77a85e76, org.springframework.boot.test.mock.mockito.MockitoTestExecutionListener@2cebf82f, org.springframework.boot.test.autoconfigure.SpringBootDependencyInjectionTestExecutionListener@34fc315d, org.springframework.test.context.support.DirtiesContextTestExecutionListener@34f48d1, org.springframework.test.context.transaction.TransactionalTestExecutionListener@36a1fd20, org.springframework.test.context.jdbc.SqlScriptsTestExecutionListener@45f8415b, org.springframework.test.context.event.EventPublishingTestExecutionListener@10dbf660, org.springframework.boot.test.mock.mockito.ResetMocksTestExecutionListener@69ab2d6a, org.springframework.boot.test.autoconfigure.restdocs.RestDocsTestExecutionListener@505a8582, org.springframework.boot.test.autoconfigure.web.client.MockRestServiceServerResetTestExecutionListener@57afe44b, org.springframework.boot.test.autoconfigure.web.servlet.MockMvcPrintOnlyOnFailureTestExecutionListener@18887028, org.springframework.boot.test.autoconfigure.web.servlet.WebDriverTestExecutionListener@28f8ce2e, org.springframework.boot.test.autoconfigure.webservices.client.MockWebServiceServerTestExecutionListener@2c0a3826]
13:59:09.248 [main] DEBUG org.springframework.test.context.support.AbstractDirtiesContextTestExecutionListener - Before test class: context [DefaultTestContext@1f19d423 testClass = DataDictItemServiceImplTest, testInstance = [null], testMethod = [null], testException = [null], mergedContextConfiguration = [WebMergedContextConfiguration@73958426 testClass = DataDictItemServiceImplTest, locations = '{}', classes = '{class com.bing.framework.BingFrameworkApplication}', contextInitializerClasses = '[]', activeProfiles = '{}', propertySourceLocations = '{}', propertySourceProperties = '{org.springframework.boot.test.context.SpringBootTestContextBootstrapper=true}', contextCustomizers = set[org.springframework.boot.test.context.filter.ExcludeFilterContextCustomizer@637791d, org.springframework.boot.test.json.DuplicateJsonObjectContextCustomizerFactory$DuplicateJsonObjectContextCustomizer@3cc79c02, org.springframework.boot.test.mock.mockito.MockitoContextCustomizer@0, org.springframework.boot.test.web.client.TestRestTemplateContextCustomizer@4a070cf0, org.springframework.boot.test.autoconfigure.actuate.metrics.MetricsExportContextCustomizerFactory$DisableMetricExportContextCustomizer@319642db, org.springframework.boot.test.autoconfigure.properties.PropertyMappingContextCustomizer@0, org.springframework.boot.test.autoconfigure.web.servlet.WebDriverContextCustomizerFactory$Customizer@3bb9ca38, org.springframework.boot.test.context.SpringBootTestArgs@1, org.springframework.boot.test.context.SpringBootTestWebEnvironment@2f162cc0], resourceBasePath = 'src/main/webapp', contextLoader = 'org.springframework.boot.test.context.SpringBootContextLoader', parent = [null]], attributes = map['org.springframework.test.context.web.ServletTestExecutionListener.activateListener' -> true]], class annotated with @DirtiesContext [false] with mode [null].
13:59:09,803 |-INFO in ch.qos.logback.core.joran.action.AppenderAction - About to instantiate appender of type [ch.qos.logback.core.ConsoleAppender]
13:59:09,803 |-INFO in ch.qos.logback.core.joran.action.AppenderAction - Naming appender as [CONSOLE]
13:59:09,829 |-INFO in ch.qos.logback.core.joran.action.AppenderAction - About to instantiate appender of type [com.bing.framework.util.AuditLogAppender]
13:59:09,830 |-INFO in ch.qos.logback.core.joran.action.AppenderAction - Naming appender as [AUDIT_LOG_APPENDER]
13:59:09,831 |-INFO in ch.qos.logback.core.joran.action.AppenderAction - About to instantiate appender of type [ch.qos.logback.core.rolling.RollingFileAppender]
13:59:09,835 |-INFO in ch.qos.logback.core.joran.action.AppenderAction - Naming appender as [FILE_APPENDER]
13:59:09,838 |-INFO in c.q.l.core.rolling.SizeAndTimeBasedRollingPolicy@1062533820 - setting totalSizeCap to 100 MB
13:59:09,842 |-INFO in c.q.l.core.rolling.SizeAndTimeBasedRollingPolicy@1062533820 - Archive files will be limited to [10 MB] each.
13:59:09,845 |-INFO in c.q.l.core.rolling.SizeAndTimeBasedRollingPolicy@1062533820 - No compression will be used
13:59:09,847 |-INFO in c.q.l.core.rolling.SizeAndTimeBasedRollingPolicy@1062533820 - Will use the pattern logs/bing-framework.%d{yyyy-MM-dd}.%i.log for the active file
13:59:09,850 |-INFO in ch.qos.logback.core.rolling.SizeAndTimeBasedFNATP@79e591bb - The date pattern is 'yyyy-MM-dd' from file name pattern 'logs/bing-framework.%d{yyyy-MM-dd}.%i.log'.
13:59:09,851 |-INFO in ch.qos.logback.core.rolling.SizeAndTimeBasedFNATP@79e591bb - Roll-over at midnight.
13:59:09,853 |-INFO in ch.qos.logback.core.rolling.SizeAndTimeBasedFNATP@79e591bb - Setting initial period to Tue Nov 18 13:58:57 CST 2025
13:59:09,858 |-INFO in ch.qos.logback.core.rolling.RollingFileAppender[FILE_APPENDER] - Active log file name: logs/bing-framework.log
13:59:09,858 |-INFO in ch.qos.logback.core.rolling.RollingFileAppender[FILE_APPENDER] - File property is set to [logs/bing-framework.log]
13:59:09,859 |-INFO in ch.qos.logback.classic.joran.action.LoggerAction - Setting level of logger [com.bing.framework.service.impl.WhiteListServiceImpl] to DEBUG
13:59:09,860 |-INFO in ch.qos.logback.classic.jul.LevelChangePropagator@6b0636d9 - Propagating DEBUG level on Logger[com.bing.framework.service.impl.WhiteListServiceImpl] onto the JUL framework
13:59:09,860 |-INFO in ch.qos.logback.classic.joran.action.LoggerAction - Setting additivity of logger [com.bing.framework.service.impl.WhiteListServiceImpl] to false
13:59:09,860 |-INFO in ch.qos.logback.core.joran.action.AppenderRefAction - Attaching appender named [CONSOLE] to Logger[com.bing.framework.service.impl.WhiteListServiceImpl]
13:59:09,861 |-INFO in ch.qos.logback.core.joran.action.AppenderRefAction - Attaching appender named [FILE_APPENDER] to Logger[com.bing.framework.service.impl.WhiteListServiceImpl]
13:59:09,861 |-INFO in ch.qos.logback.classic.joran.action.LoggerAction - Setting level of logger [com.bing.framework.interceptor.RequestInterceptor] to DEBUG
13:59:09,861 |-INFO in ch.qos.logback.classic.jul.LevelChangePropagator@6b0636d9 - Propagating DEBUG level on Logger[com.bing.framework.interceptor.RequestInterceptor] onto the JUL framework
13:59:09,861 |-INFO in ch.qos.logback.classic.joran.action.LoggerAction - Setting additivity of logger [com.bing.framework.interceptor.RequestInterceptor] to false
13:59:09,861 |-INFO in ch.qos.logback.core.joran.action.AppenderRefAction - Attaching appender named [CONSOLE] to Logger[com.bing.framework.interceptor.RequestInterceptor]
13:59:09,861 |-INFO in ch.qos.logback.core.joran.action.AppenderRefAction - Attaching appender named [FILE_APPENDER] to Logger[com.bing.framework.interceptor.RequestInterceptor]
13:59:09,861 |-INFO in ch.qos.logback.classic.joran.action.LoggerAction - Setting level of logger [org.springframework.web.servlet.DispatcherServlet] to INFO
13:59:09,861 |-INFO in ch.qos.logback.classic.jul.LevelChangePropagator@6b0636d9 - Propagating INFO level on Logger[org.springframework.web.servlet.DispatcherServlet] onto the JUL framework
13:59:09,861 |-INFO in ch.qos.logback.classic.joran.action.LoggerAction - Setting additivity of logger [org.springframework.web.servlet.DispatcherServlet] to false
13:59:09,862 |-INFO in ch.qos.logback.core.joran.action.AppenderRefAction - Attaching appender named [CONSOLE] to Logger[org.springframework.web.servlet.DispatcherServlet]
13:59:09,862 |-INFO in ch.qos.logback.classic.joran.action.LoggerAction - Setting level of logger [org.apache.catalina.connector.CoyoteAdapter] to INFO
13:59:09,862 |-INFO in ch.qos.logback.classic.jul.LevelChangePropagator@6b0636d9 - Propagating INFO level on Logger[org.apache.catalina.connector.CoyoteAdapter] onto the JUL framework
13:59:09,862 |-INFO in ch.qos.logback.classic.joran.action.LoggerAction - Setting additivity of logger [org.apache.catalina.connector.CoyoteAdapter] to false
13:59:09,862 |-INFO in ch.qos.logback.core.joran.action.AppenderRefAction - Attaching appender named [CONSOLE] to Logger[org.apache.catalina.connector.CoyoteAdapter]
13:59:09,862 |-INFO in ch.qos.logback.classic.joran.action.LoggerAction - Setting level of logger [org.springframework.web.filter] to INFO
13:59:09,862 |-INFO in ch.qos.logback.classic.jul.LevelChangePropagator@6b0636d9 - Propagating INFO level on Logger[org.springframework.web.filter] onto the JUL framework
13:59:09,862 |-INFO in ch.qos.logback.classic.joran.action.LoggerAction - Setting additivity of logger [org.springframework.web.filter] to false
13:59:09,862 |-INFO in ch.qos.logback.core.joran.action.AppenderRefAction - Attaching appender named [CONSOLE] to Logger[org.springframework.web.filter]
13:59:09,863 |-INFO in ch.qos.logback.classic.joran.action.LoggerAction - Setting level of logger [AUDIT_LOG] to INFO
13:59:09,863 |-INFO in ch.qos.logback.classic.jul.LevelChangePropagator@6b0636d9 - Propagating INFO level on Logger[AUDIT_LOG] onto the JUL framework
13:59:09,863 |-INFO in ch.qos.logback.classic.joran.action.LoggerAction - Setting additivity of logger [AUDIT_LOG] to false
13:59:09,863 |-INFO in ch.qos.logback.core.joran.action.AppenderRefAction - Attaching appender named [AUDIT_LOG_APPENDER] to Logger[AUDIT_LOG]
13:59:09,863 |-INFO in ch.qos.logback.core.joran.action.AppenderRefAction - Attaching appender named [FILE_APPENDER] to Logger[AUDIT_LOG]
13:59:09,863 |-INFO in ch.qos.logback.classic.joran.action.RootLoggerAction - Setting level of ROOT logger to INFO
13:59:09,863 |-INFO in ch.qos.logback.classic.jul.LevelChangePropagator@6b0636d9 - Propagating INFO level on Logger[ROOT] onto the JUL framework
13:59:09,863 |-INFO in ch.qos.logback.core.joran.action.AppenderRefAction - Attaching appender named [CONSOLE] to Logger[ROOT]
13:59:09,863 |-INFO in ch.qos.logback.core.joran.action.AppenderRefAction - Attaching appender named [FILE_APPENDER] to Logger[ROOT]
13:59:09,863 |-INFO in ch.qos.logback.classic.joran.action.ConfigurationAction - End of configuration.
13:59:09,863 |-INFO in org.springframework.boot.logging.logback.SpringBootJoranConfigurator@6bf27411 - Registering current configuration as safe fallback point
13:59:09,870 |-INFO in ch.qos.logback.classic.jul.LevelChangePropagator@6b0636d9 - Propagating DEBUG level on Logger[com.bing.framework] onto the JUL framework
13:59:09,870 |-INFO in ch.qos.logback.classic.jul.LevelChangePropagator@6b0636d9 - Propagating WARN level on Logger[org.springframework] onto the JUL framework
13:59:09,870 |-INFO in ch.qos.logback.classic.jul.LevelChangePropagator@6b0636d9 - Propagating WARN level on Logger[org.hibernate] onto the JUL framework
13:59:09,870 |-INFO in ch.qos.logback.classic.jul.LevelChangePropagator@6b0636d9 - Propagating WARN level on Logger[org.apache.ibatis] onto the JUL framework
13:59:09,872 |-INFO in ch.qos.logback.classic.jul.LevelChangePropagator@6b0636d9 - Propagating WARN level on Logger[org.apache.tomcat] onto the JUL framework

  .   ____          _            __ _ _
 /\\ / ___'_ __ _ _(_)_ __  __ _ \ \ \ \
( ( )\___ | '_ | '_| | '_ \/ _` | \ \ \ \
 \\/  ___)| |_)| | | | | || (_| |  ) ) ) )
  '  |____| .__|_| |_|_| |_\__, | / / / /
 =========|_|==============|___/=/_/_/_/
 :: Spring Boot ::               (v2.7.18)

2025-11-18 13:59:09.952 [main] INFO  c.b.f.service.impl.DataDictItemServiceImplTest - Starting DataDictItemServiceImplTest using Java 1.8.0_451 on zhengbing with PID 60700 (started by mydre in D:\ai_code\cursor\bing-framework\bing-framework)
2025-11-18 13:59:09.955 [main] DEBUG c.b.f.service.impl.DataDictItemServiceImplTest - Running with Spring Boot v2.7.18, Spring v5.3.31
2025-11-18 13:59:09.955 [main] INFO  c.b.f.service.impl.DataDictItemServiceImplTest - The following 1 profile is active: "dev"
2025-11-18 13:59:14.910 [main] ERROR com.baomidou.mybatisplus.core.MybatisConfiguration - mapper[com.bing.framework.mapper.SystemConfigMapper.selectByConfigKey] is ignored, because it exists, maybe from xml file
2025-11-18 13:59:14.912 [main] ERROR com.baomidou.mybatisplus.core.MybatisConfiguration - mapper[com.bing.framework.mapper.SystemConfigMapper.selectByConfigType] is ignored, because it exists, maybe from xml file
2025-11-18 13:59:14.913 [main] ERROR com.baomidou.mybatisplus.core.MybatisConfiguration - mapper[com.bing.framework.mapper.SystemConfigMapper.selectEnabledConfigs] is ignored, because it exists, maybe from xml file
2025-11-18 13:59:14.920 [main] ERROR com.baomidou.mybatisplus.core.MybatisConfiguration - mapper[com.bing.framework.mapper.SystemConfigMapper.updateBatchStatus] is ignored, because it exists, maybe from xml file
2025-11-18 13:59:14.922 [main] ERROR com.baomidou.mybatisplus.core.MybatisConfiguration - mapper[com.bing.framework.mapper.SystemConfigMapper.updateConfigValue] is ignored, because it exists, maybe from xml file
2025-11-18 13:59:14.925 [main] ERROR com.baomidou.mybatisplus.core.MybatisConfiguration - mapper[com.bing.framework.mapper.SystemConfigMapper.checkConfigKeyExists] is ignored, because it exists, maybe from xml file
2025-11-18 13:59:14.926 [main] ERROR com.baomidou.mybatisplus.core.MybatisConfiguration - mapper[com.bing.framework.mapper.SystemConfigMapper.updateConfigValueByKey] is ignored, because it exists, maybe from xml file
 _ _   |_  _ _|_. ___ _ |    _ 
| | |\/|_)(_| | |_\  |_)||_|_\ 
     /               |         
                        3.5.3.1 
2025-11-18 13:59:16.303 [main] INFO  com.bing.framework.config.LogConfig - [LOG_CONFIG] ApplicationContext injected via constructor
2025-11-18 13:59:16.326 [main] INFO  com.bing.framework.config.LogConfig - [LOG_CONFIG] @PostConstruct called, attempting to set ApplicationContext to AuditLogAppender
2025-11-18 13:59:16.327 [main] DEBUG com.bing.framework.util.AuditLogAppender - [AUDIT_LOG] ApplicationContext set via static method
2025-11-18 13:59:16.393 [main] DEBUG com.bing.framework.util.AuditLogAppender - [AUDIT_LOG] auditLogExecutor initialized via static method
2025-11-18 13:59:16.394 [main] INFO  com.bing.framework.config.LogConfig - [LOG_CONFIG] afterPropertiesSet called
2025-11-18 13:59:16.394 [main] INFO  com.bing.framework.config.LogConfig - [LOG_CONFIG] Creating new AuditLogAppender instance
2025-11-18 13:59:16.394 [main] INFO  com.bing.framework.config.LogConfig - [LOG_CONFIG] AuditLogAppender started
2025-11-18 13:59:16.396 [main] INFO  com.bing.framework.config.LogConfig - [LOG_CONFIG] AuditLogAppender registered to AUDIT_LOG logger
2025-11-18 13:59:21.072 [main] INFO  com.bing.framework.config.CacheConfig - 初始化Redis缓存管理器，前缀: bing:, 过期时间: 3600000ms
2025-11-18 13:59:21.105 [main] INFO  com.bing.framework.config.CacheConfig - Redis缓存管理器初始化完成，缓存名称: auditLogCache, userCache, whiteListCache
2025-11-18 13:59:21.144 [main] DEBUG com.bing.framework.util.AuditLogAppender - [AUDIT_LOG] ApplicationContext set via ApplicationContextAware interface
2025-11-18 13:59:21.144 [main] DEBUG com.bing.framework.util.AuditLogAppender - [AUDIT_LOG] auditLogExecutor initialized
2025-11-18 13:59:25.355 [main] INFO  com.bing.framework.config.LogConfig - [LOG_CONFIG] ContextRefreshedEvent received, ensuring ApplicationContext is set
2025-11-18 13:59:25.357 [main] DEBUG com.bing.framework.util.AuditLogAppender - [AUDIT_LOG] ApplicationContext set via static method
2025-11-18 13:59:25.358 [main] INFO  com.bing.framework.config.LogConfig - [LOG_CONFIG] ContextRefreshedEvent: ApplicationContext available: true
2025-11-18 13:59:25.367 [main] INFO  c.b.f.service.impl.DataDictItemServiceImplTest - Started DataDictItemServiceImplTest in 16.024 seconds (JVM running for 18.931)
2025-11-18 13:59:25.372 [main] INFO  c.b.framework.listener.SystemConfigStartupLoader - 开始加载系统配置到缓存...
2025-11-18 13:59:25.464 [main] INFO  com.zaxxer.hikari.HikariDataSource - HikariPool-1 - Starting...
2025-11-18 13:59:26.916 [main] INFO  com.zaxxer.hikari.HikariDataSource - HikariPool-1 - Start completed.
2025-11-18 13:59:26.928 [main] DEBUG c.b.f.m.SystemConfigMapper.selectEnabledConfigs - ==>  Preparing: SELECT id, config_key, config_value, config_type, description, config_category, enabled, sort_order, `is_sensitive`, `created_time`, `updated_time` FROM system_config WHERE enabled = 1 ORDER BY sort_order ASC, config_key ASC
2025-11-18 13:59:26.965 [main] DEBUG c.b.f.m.SystemConfigMapper.selectEnabledConfigs - ==> Parameters: 
2025-11-18 13:59:27.034 [main] DEBUG c.b.f.m.SystemConfigMapper.selectEnabledConfigs - <==      Total: 55
2025-11-18 13:59:27.051 [main] DEBUG com.bing.framework.util.SystemConfigCacheManager - 配置已放入缓存: system.name = Bing Framework
2025-11-18 13:59:27.053 [main] DEBUG com.bing.framework.util.SystemConfigCacheManager - 配置已放入缓存: system.version = 1.0.0
2025-11-18 13:59:27.053 [main] DEBUG com.bing.framework.util.SystemConfigCacheManager - 配置已放入缓存: system.description = 基于Spring Boot的企业级开发框架
2025-11-18 13:59:27.053 [main] DEBUG com.bing.framework.util.SystemConfigCacheManager - 配置已放入缓存: system.company = Bing科技
2025-11-18 13:59:27.054 [main] DEBUG com.bing.framework.util.SystemConfigCacheManager - 配置已放入缓存: system.copyright = Copyright ? 2025 Bing科技. All rights reserved.
2025-11-18 13:59:27.054 [main] DEBUG com.bing.framework.util.SystemConfigCacheManager - 配置已放入缓存: security.password.minLength = 6
2025-11-18 13:59:27.055 [main] DEBUG com.bing.framework.util.SystemConfigCacheManager - 配置已放入缓存: security.password.maxLength = 32
2025-11-18 13:59:27.055 [main] DEBUG com.bing.framework.util.SystemConfigCacheManager - 配置已放入缓存: security.password.requireUppercase = true
2025-11-18 13:59:27.055 [main] DEBUG com.bing.framework.util.SystemConfigCacheManager - 配置已放入缓存: security.password.requireLowercase = true
2025-11-18 13:59:27.055 [main] DEBUG com.bing.framework.util.SystemConfigCacheManager - 配置已放入缓存: security.password.requireNumbers = true
2025-11-18 13:59:27.055 [main] DEBUG com.bing.framework.util.SystemConfigCacheManager - 配置已放入缓存: security.password.requireSpecialChars = false
2025-11-18 13:59:27.055 [main] DEBUG com.bing.framework.util.SystemConfigCacheManager - 配置已放入缓存: session.timeout = 30
2025-11-18 13:59:27.055 [main] DEBUG com.bing.framework.util.SystemConfigCacheManager - 配置已放入缓存: session.maxConcurrent = 1000
2025-11-18 13:59:27.056 [main] DEBUG com.bing.framework.util.SystemConfigCacheManager - 配置已放入缓存: session.refreshInterval = 5
2025-11-18 13:59:27.056 [main] DEBUG com.bing.framework.util.SystemConfigCacheManager - 配置已放入缓存: api.rate.limit.enabled = true
2025-11-18 13:59:27.056 [main] DEBUG com.bing.framework.util.SystemConfigCacheManager - 配置已放入缓存: api.rate.limit.requests = 1000
2025-11-18 13:59:27.056 [main] DEBUG com.bing.framework.util.SystemConfigCacheManager - 配置已放入缓存: api.rate.limit.window = 60
2025-11-18 13:59:27.056 [main] DEBUG com.bing.framework.util.SystemConfigCacheManager - 配置已放入缓存: api.signature.required = true
2025-11-18 13:59:27.056 [main] DEBUG com.bing.framework.util.SystemConfigCacheManager - 配置已放入缓存: upload.maxSize = 10485760
2025-11-18 13:59:27.056 [main] DEBUG com.bing.framework.util.SystemConfigCacheManager - 配置已放入缓存: upload.allowedTypes = jpg,jpeg,png,gif,pdf,doc,docx,xls,xlsx
2025-11-18 13:59:27.057 [main] DEBUG com.bing.framework.util.SystemConfigCacheManager - 配置已放入缓存: upload.path = /uploads/
2025-11-18 13:59:27.057 [main] DEBUG com.bing.framework.util.SystemConfigCacheManager - 配置已放入缓存: upload.autoDelete = false
2025-11-18 13:59:27.057 [main] DEBUG com.bing.framework.util.SystemConfigCacheManager - 配置已放入缓存: cache.enabled = true
2025-11-18 13:59:27.057 [main] DEBUG com.bing.framework.util.SystemConfigCacheManager - 配置已放入缓存: cache.defaultExpiry = 3600
2025-11-18 13:59:27.057 [main] DEBUG com.bing.framework.util.SystemConfigCacheManager - 配置已放入缓存: cache.systemConfigExpiry = 300
2025-11-18 13:59:27.057 [main] DEBUG com.bing.framework.util.SystemConfigCacheManager - 配置已放入缓存: cache.maxSize = 10000
2025-11-18 13:59:27.057 [main] DEBUG com.bing.framework.util.SystemConfigCacheManager - 配置已放入缓存: database.pageSize.default = 20
2025-11-18 13:59:27.057 [main] DEBUG com.bing.framework.util.SystemConfigCacheManager - 配置已放入缓存: database.pageSize.max = 100
2025-11-18 13:59:27.059 [main] DEBUG com.bing.framework.util.SystemConfigCacheManager - 配置已放入缓存: database.batchSize = 1000
2025-11-18 13:59:27.059 [main] DEBUG com.bing.framework.util.SystemConfigCacheManager - 配置已放入缓存: log.level.root = INFO
2025-11-18 13:59:27.059 [main] DEBUG com.bing.framework.util.SystemConfigCacheManager - 配置已放入缓存: log.level.com.bing.framework = DEBUG
2025-11-18 13:59:27.059 [main] DEBUG com.bing.framework.util.SystemConfigCacheManager - 配置已放入缓存: log.audit.enabled = true
2025-11-18 13:59:27.060 [main] DEBUG com.bing.framework.util.SystemConfigCacheManager - 配置已放入缓存: log.audit.retentionDays = 90
2025-11-18 13:59:27.060 [main] DEBUG com.bing.framework.util.SystemConfigCacheManager - 配置已放入缓存: mail.smtp.host = smtp.example.com
2025-11-18 13:59:27.060 [main] DEBUG com.bing.framework.util.SystemConfigCacheManager - 配置已放入缓存: mail.smtp.port = 587
2025-11-18 13:59:27.060 [main] DEBUG com.bing.framework.util.SystemConfigCacheManager - 配置已放入缓存: mail.smtp.username = 
2025-11-18 13:59:27.060 [main] DEBUG com.bing.framework.util.SystemConfigCacheManager - 配置已放入缓存: mail.smtp.password = 
2025-11-18 13:59:27.060 [main] DEBUG com.bing.framework.util.SystemConfigCacheManager - 配置已放入缓存: mail.smtp.tls = true
2025-11-18 13:59:27.061 [main] DEBUG com.bing.framework.util.SystemConfigCacheManager - 配置已放入缓存: mail.from.address = noreply@example.com
2025-11-18 13:59:27.061 [main] DEBUG com.bing.framework.util.SystemConfigCacheManager - 配置已放入缓存: redis.host = localhost
2025-11-18 13:59:27.061 [main] DEBUG com.bing.framework.util.SystemConfigCacheManager - 配置已放入缓存: redis.port = 6379
2025-11-18 13:59:27.061 [main] DEBUG com.bing.framework.util.SystemConfigCacheManager - 配置已放入缓存: redis.password = 
2025-11-18 13:59:27.061 [main] DEBUG com.bing.framework.util.SystemConfigCacheManager - 配置已放入缓存: redis.database = 0
2025-11-18 13:59:27.061 [main] DEBUG com.bing.framework.util.SystemConfigCacheManager - 配置已放入缓存: redis.timeout = 3000
2025-11-18 13:59:27.061 [main] DEBUG com.bing.framework.util.SystemConfigCacheManager - 配置已放入缓存: monitor.enabled = true
2025-11-18 13:59:27.061 [main] DEBUG com.bing.framework.util.SystemConfigCacheManager - 配置已放入缓存: monitor.healthCheckInterval = 30
2025-11-18 13:59:27.061 [main] DEBUG com.bing.framework.util.SystemConfigCacheManager - 配置已放入缓存: monitor.metricsEnabled = true
2025-11-18 13:59:27.061 [main] DEBUG com.bing.framework.util.SystemConfigCacheManager - 配置已放入缓存: business.maintenanceMode = false
2025-11-18 13:59:27.063 [main] DEBUG com.bing.framework.util.SystemConfigCacheManager - 配置已放入缓存: business.registration.enabled = true
2025-11-18 13:59:27.063 [main] DEBUG com.bing.framework.util.SystemConfigCacheManager - 配置已放入缓存: business.emailVerification = false
2025-11-18 13:59:27.063 [main] DEBUG com.bing.framework.util.SystemConfigCacheManager - 配置已放入缓存: business.defaultRole = USER
2025-11-18 13:59:27.063 [main] DEBUG com.bing.framework.util.SystemConfigCacheManager - 配置已放入缓存: frontend.theme = default
2025-11-18 13:59:27.063 [main] DEBUG com.bing.framework.util.SystemConfigCacheManager - 配置已放入缓存: frontend.language = zh-CN
2025-11-18 13:59:27.063 [main] DEBUG com.bing.framework.util.SystemConfigCacheManager - 配置已放入缓存: frontend.pageSize.table = 10
2025-11-18 13:59:27.063 [main] DEBUG com.bing.framework.util.SystemConfigCacheManager - 配置已放入缓存: frontend.autoRefresh = false
2025-11-18 13:59:27.063 [main] INFO  com.bing.framework.util.SystemConfigCacheManager - 预热系统配置完成，共加载 55 条配置
2025-11-18 13:59:27.063 [main] INFO  c.b.framework.listener.SystemConfigStartupLoader - 系统配置加载完成，共加载 55 条配置
2025-11-18 13:59:27.063 [main] INFO  c.b.framework.listener.SystemConfigStartupLoader - 缓存统计信息: CacheStats{配置数量=55, 类型数量=55, 描述数量=55, 启用数量=55}
2025-11-18 13:59:27.064 [main] INFO  c.b.framework.listener.SystemConfigStartupLoader - === 关键配置项加载状态 ===
2025-11-18 13:59:27.064 [main] INFO  c.b.framework.listener.SystemConfigStartupLoader - ? system.name = Bing Framework (启用: 是, 类型: string)
2025-11-18 13:59:27.064 [main] INFO  c.b.framework.listener.SystemConfigStartupLoader - ? system.version = *** (启用: 是, 类型: string)
2025-11-18 13:59:27.064 [main] DEBUG c.b.framework.listener.SystemConfigStartupLoader - ??  system.debug - 未在配置中设置
2025-11-18 13:59:27.064 [main] DEBUG c.b.framework.listener.SystemConfigStartupLoader - ??  system.timezone - 未在配置中设置
2025-11-18 13:59:27.064 [main] DEBUG c.b.framework.listener.SystemConfigStartupLoader - ??  security.jwt.secret - 未在配置中设置
2025-11-18 13:59:27.065 [main] DEBUG c.b.framework.listener.SystemConfigStartupLoader - ??  security.jwt.expiration - 未在配置中设置
2025-11-18 13:59:27.065 [main] INFO  c.b.framework.listener.SystemConfigStartupLoader - ? cache.enabled = *** (启用: 是, 类型: boolean)
2025-11-18 13:59:27.065 [main] DEBUG c.b.framework.listener.SystemConfigStartupLoader - ??  logging.level.root - 未在配置中设置
2025-11-18 13:59:27.065 [main] INFO  c.b.framework.listener.SystemConfigStartupLoader - === 关键配置项加载状态 ===
2025-11-18 13:59:27.065 [main] INFO  c.bing.framework.runner.PasswordFormatCheckRunner - 启动密码格式检查...
2025-11-18 13:59:27.812 [main] INFO  com.bing.framework.util.PasswordFormatChecker - 开始检查所有用户密码格式，共 4 个用户
2025-11-18 13:59:27.813 [main] WARN  com.bing.framework.util.PasswordFormatChecker - 发现非BCrypt格式密码，用户ID: 2, 用户名: user01
2025-11-18 13:59:27.813 [main] WARN  com.bing.framework.util.PasswordFormatChecker - 发现非BCrypt格式密码，用户ID: 3, 用户名: readonly
2025-11-18 13:59:27.813 [main] INFO  com.bing.framework.util.PasswordFormatChecker - 密码格式检查完成，共检查 4 个用户，发现 0 个需要修复的密码（已记录但未自动修复）
2025-11-18 13:59:27.813 [main] INFO  com.bing.framework.util.PasswordFormatChecker - 警告：请联系相关用户重置密码，使用标准BCrypt加密格式
2025-11-18 13:59:27.813 [main] INFO  c.bing.framework.runner.PasswordFormatCheckRunner - 密码格式检查完成
2025-11-18 13:59:28.888 [main] DEBUG c.b.framework.service.impl.DataDictItemServiceImpl - 查询字典ID: 1 的所有字典项
2025-11-18 13:59:28.937 [main] INFO  c.b.framework.service.impl.DataDictItemServiceImpl - 更新字典项: 男
2025-11-18 13:59:28.964 [main] ERROR c.b.framework.service.impl.DataDictItemServiceImpl - 字典项值已存在: 1
2025-11-18 13:59:28.975 [main] DEBUG c.b.framework.service.impl.DataDictItemServiceImpl - 查询字典项ID: 1
2025-11-18 13:59:28.975 [main] INFO  c.b.framework.service.impl.DataDictItemServiceImpl - 删除字典项: 男
2025-11-18 13:59:28.984 [main] DEBUG c.b.framework.service.impl.DataDictItemServiceImpl - 查询字典项ID: 1
2025-11-18 13:59:28.986 [main] ERROR c.b.framework.service.impl.DataDictItemServiceImpl - 字典项不存在: 1
2025-11-18 13:59:28.999 [main] INFO  c.b.framework.service.impl.DataDictItemServiceImpl - 批量删除字典项，数量: 3
2025-11-18 13:59:29.010 [main] INFO  c.b.framework.service.impl.DataDictItemServiceImpl - 删除字典ID: 1 的所有字典项
2025-11-18 13:59:29.020 [main] INFO  c.b.framework.service.impl.DataDictItemServiceImpl - 新增字典项: 男
2025-11-18 13:59:29.032 [main] INFO  c.b.framework.service.impl.DataDictItemServiceImpl - 修改字典项状态，ID: 1, 状态: 0
2025-11-18 13:59:29.041 [main] DEBUG c.b.framework.service.impl.DataDictItemServiceImpl - 查询字典项ID: 1
[INFO] Tests run: 13, Failures: 0, Errors: 0, Skipped: 0, Time elapsed: 21.078 s - in com.bing.framework.service.impl.DataDictItemServiceImplTest
2025-11-18 13:59:29.418 [SpringApplicationShutdownHook] INFO  com.bing.framework.util.AuditLogBufferManager - 应用关闭，正在刷新审计日志缓冲池
2025-11-18 13:59:29.418 [SpringApplicationShutdownHook] INFO  com.bing.framework.util.AuditLogBufferManager - 审计日志缓冲池刷新完成
2025-11-18 13:59:29.419 [SpringApplicationShutdownHook] INFO  com.zaxxer.hikari.HikariDataSource - HikariPool-1 - Shutdown initiated...
2025-11-18 13:59:29.430 [SpringApplicationShutdownHook] INFO  com.zaxxer.hikari.HikariDataSource - HikariPool-1 - Shutdown completed.
[INFO] 
[INFO] Results:
[INFO] 
[INFO] Tests run: 13, Failures: 0, Errors: 0, Skipped: 0
[INFO] 
[INFO] 
[INFO] --- jacoco:0.8.10:report (report) @ bing-framework ---
[INFO] Loading execution data file D:\ai_code\cursor\bing-framework\bing-framework\target\jacoco.exec
[INFO] Analyzed bundle 'bing-framework' with 118 classes
[INFO] 
[INFO] --- surefire-report:3.0.0-M9:report-only (generate-test-report) @ bing-framework ---
[INFO] Rendering content with org.apache.maven.skins:maven-default-skin:jar:1.3 skin.
[WARNING] Unable to locate Test Source XRef to link to - DISABLED
[INFO] ------------------------------------------------------------------------
[INFO] BUILD SUCCESS
[INFO] ------------------------------------------------------------------------
[INFO] Total time:  28.445 s
[INFO] Finished at: 2025-11-18T13:59:32+08:00
[INFO] ------------------------------------------------------------------------
[WARNING] 
[WARNING] Plugin validation issues were detected in 5 plugin(s)
[WARNING] 
[WARNING]  * org.jacoco:jacoco-maven-plugin:0.8.10
[WARNING]  * org.apache.maven.plugins:maven-resources-plugin:3.2.0
[WARNING]  * org.apache.maven.plugins:maven-compiler-plugin:3.10.1
[WARNING]  * org.apache.maven.plugins:maven-surefire-report-plugin:3.0.0-M9
[WARNING]  * org.apache.maven.plugins:maven-surefire-plugin:2.22.2
[WARNING] 
[WARNING] For more or less details, use 'maven.plugin.validation' property with one of the values (case insensitive): [BRIEF, DEFAULT, VERBOSE]
[WARNING] 
